
> planejamento-hortolandia@1.0.0 build
> tsc && vite build

node.exe : 'tsc' não é 
reconhecido como um comando 
interno
No C:\Program 
Files\nodejs\npm.ps1:29 
caractere:3
+   & $NODE_EXE $NPM_CLI_JS 
$args
+   
~~~~~~~~~~~~~~~~~~~~~~~~~~~~~
    + CategoryInfo           
   : NotSpeci    fied: 
('tsc' não     é 
rec...comando i    
nterno:String) []    , 
RemoteException
    + FullyQualifiedE    
rrorId : NativeCo    
mmandError
 
ou externo, um programa 
operável ou um arquivo em 
lotes.
